// Jest Snapshot v1, https://goo.gl/fbAQLP

exports[`Login setup Should render correctly 1`] = `
<View
  style={
    Object {
      "backgroundColor": "#45B8DB",
      "flex": 1,
    }
  }
>
  <View>
    <Text
      style={
        Object {
          "color": "royalblue",
          "fontFamily": "FredokaOne-Regular",
          "fontSize": 28,
          "fontWeight": "bold",
          "left": 510.00000000000006,
          "marginTop": 30,
        }
      }
    >
      TANDA
    </Text>
    <Text
      style={
        Object {
          "color": "white",
          "fontFamily": "Arial",
          "fontSize": 45,
          "fontWeight": "bold",
          "marginLeft": 75,
          "marginTop": 20,
        }
      }
    >
      Discount
    </Text>
    <Text
      style={
        Object {
          "color": "white",
          "fontFamily": "Arial",
          "fontSize": 45,
          "fontWeight": "bold",
          "marginLeft": 150,
          "marginTop": 20,
          "textAlign": "center",
        }
      }
    >
      Discovery
    </Text>
  </View>
  <View
    style={
      Object {
        "alignItems": "center",
        "marginTop": 75,
      }
    }
  >
    <View
      style={
        Object {
          "color": "white",
          "paddingHorizontal": 10,
          "width": 675,
        }
      }
    >
      <Text
        style={
          Object {
            "color": "white",
            "fontSize": 20,
            "fontWeight": "bold",
          }
        }
      >
        Email
      </Text>
      <View
        style={
          Object {
            "alignItems": "center",
            "borderBottomWidth": 1,
            "borderColor": "#86939e",
            "flexDirection": "row",
            "transform": Array [
              Object {
                "translateX": 0,
              },
            ],
          }
        }
      >
        <TextInput
          allowFontScaling={true}
          editable={true}
          onChangeText={[Function]}
          placeholder="Email"
          placeholderTextColor="white"
          rejectResponderTermination={true}
          style={
            Object {
              "borderBottomColor": "white",
              "borderBottomWidth": 1.5,
              "color": "white",
              "flex": 1,
              "fontSize": 20,
              "minHeight": 40,
            }
          }
          testID="RNE__Input__text-input"
          underlineColorAndroid="transparent"
          value=""
        />
      </View>
      <Text
        style={
          Object {
            "color": "#ff190c",
            "fontSize": 12,
            "margin": 5,
          }
        }
      />
    </View>
    <View
      style={
        Object {
          "color": "white",
          "paddingHorizontal": 10,
          "width": 675,
        }
      }
    >
      <Text
        style={
          Object {
            "color": "white",
            "fontSize": 20,
            "fontWeight": "bold",
          }
        }
      >
        Password
      </Text>
      <View
        style={
          Object {
            "alignItems": "center",
            "borderBottomWidth": 1,
            "borderColor": "#86939e",
            "flexDirection": "row",
            "transform": Array [
              Object {
                "translateX": 0,
              },
            ],
          }
        }
      >
        <TextInput
          allowFontScaling={true}
          editable={true}
          onChangeText={[Function]}
          placeholder="Password"
          placeholderTextColor="white"
          rejectResponderTermination={true}
          secureTextEntry={true}
          style={
            Object {
              "borderBottomColor": "white",
              "borderBottomWidth": 1.5,
              "color": "white",
              "flex": 1,
              "fontSize": 20,
              "marginTop": -5,
              "minHeight": 40,
            }
          }
          testID="RNE__Input__text-input"
          underlineColorAndroid="transparent"
          value=""
        />
      </View>
      <Text
        style={
          Object {
            "color": "red",
            "fontSize": 12,
            "height": 0,
            "margin": 0,
            "padding": 0,
          }
        }
      >
        
      </Text>
    </View>
  </View>
  <View
    accessible={true}
    focusable={true}
    onClick={[Function]}
    onResponderGrant={[Function]}
    onResponderMove={[Function]}
    onResponderRelease={[Function]}
    onResponderTerminate={[Function]}
    onResponderTerminationRequest={[Function]}
    onStartShouldSetResponder={[Function]}
    style={
      Object {
        "alignItems": "center",
        "alignSelf": "center",
        "backgroundColor": "white",
        "justifyContent": "center",
        "marginTop": 55,
        "opacity": 1,
        "paddingBottom": 10,
        "paddingTop": 10,
        "width": 600,
      }
    }
  >
    <Text
      style={
        Object {
          "color": "#45B8DB",
          "fontSize": 24,
          "fontWeight": "bold",
        }
      }
    >
      Login
    </Text>
  </View>
</View>
`;
